Copyright 1986-2022 Xilinx, Inc. All Rights Reserved. Copyright 2022-2025 Advanced Micro Devices, Inc. All Rights Reserved.
---------------------------------------------------------------------------------------------------------------------------------------------------
| Tool Version : Vivado v.2025.2 (win64) Build 6299465 Fri Nov 14 19:35:11 GMT 2025
| Date         : Sun May  3 22:42:08 2026
| Host         : Navnil_Desktop running 64-bit major release  (build 9200)
| Command      : report_timing -max_paths 10 -file C:/Users/CHOUDN3/Downloads/VLSI_project/reports/e62_fir29_fr_impl/post_route_critical_paths.rpt
| Design       : lockin_pipelined_plus5_firout_accbuf_energy62_fir29_fastround_top
| Device       : 7a35t-fgg484
| Speed File   : -1  PRODUCTION 1.23 2018-06-13
| Design State : Routed
---------------------------------------------------------------------------------------------------------------------------------------------------

Timing Report

Slack (MET) :             3.885ns  (required time - arrival time)
  Source:                 u_impl/gen_narrow_mag.u_mag/valid_out_reg/C
                            (rising edge-triggered cell FDRE clocked by clk  {rise@0.000ns fall@5.000ns period=10.000ns})
  Destination:            u_impl/u_accumulator/running_energy_reg[60]/R
                            (rising edge-triggered cell FDRE clocked by clk  {rise@0.000ns fall@5.000ns period=10.000ns})
  Path Group:             clk
  Path Type:              Setup (Max at Slow Process Corner)
  Requirement:            10.000ns  (clk rise@10.000ns - clk rise@0.000ns)
  Data Path Delay:        5.675ns  (logic 0.642ns (11.312%)  route 5.033ns (88.688%))
  Logic Levels:           1  (LUT3=1)
  Clock Path Skew:        0.025ns (DCD - SCD + CPR)
    Destination Clock Delay (DCD):    4.296ns = ( 14.296 - 10.000 ) 
    Source Clock Delay      (SCD):    4.593ns
    Clock Pessimism Removal (CPR):    0.321ns
  Clock Uncertainty:      0.035ns  ((TSJ^2 + TIJ^2)^1/2 + DJ) / 2 + PE
    Total System Jitter     (TSJ):    0.071ns
    Total Input Jitter      (TIJ):    0.000ns
    Discrete Jitter          (DJ):    0.000ns
    Phase Error              (PE):    0.000ns

    Location             Delay type                Incr(ns)  Path(ns)    Netlist Resource(s)
  -------------------------------------------------------------------    -------------------
                         (clock clk rise edge)        0.000     0.000 r  
    J20                                               0.000     0.000 r  clk (IN)
                         net (fo=0)                   0.000     0.000    clk
    J20                  IBUF (Prop_ibuf_I_O)         0.970     0.970 r  clk_IBUF_inst/O
                         net (fo=1, routed)           1.972     2.942    clk_IBUF
    BUFGCTRL_X0Y16       BUFG (Prop_bufg_I_O)         0.096     3.038 r  clk_IBUF_BUFG_inst/O
                         net (fo=1985, routed)        1.555     4.593    u_impl/gen_narrow_mag.u_mag/clk_IBUF_BUFG
    SLICE_X8Y54          FDRE                                         r  u_impl/gen_narrow_mag.u_mag/valid_out_reg/C
  -------------------------------------------------------------------    -------------------
    SLICE_X8Y54          FDRE (Prop_fdre_C_Q)         0.518     5.111 r  u_impl/gen_narrow_mag.u_mag/valid_out_reg/Q
                         net (fo=64, routed)          2.447     7.558    u_impl/gen_narrow_mag.u_mag/valid_s4
    SLICE_X2Y46          LUT3 (Prop_lut3_I1_O)        0.124     7.682 r  u_impl/gen_narrow_mag.u_mag/running_energy[0]_i_1/O
                         net (fo=62, routed)          2.586    10.268    u_impl/u_accumulator/running_energy_reg[61]_0
    SLICE_X5Y61          FDRE                                         r  u_impl/u_accumulator/running_energy_reg[60]/R
  -------------------------------------------------------------------    -------------------

                         (clock clk rise edge)       10.000    10.000 r  
    J20                                               0.000    10.000 r  clk (IN)
                         net (fo=0)                   0.000    10.000    clk
    J20                  IBUF (Prop_ibuf_I_O)         0.837    10.837 r  clk_IBUF_inst/O
                         net (fo=1, routed)           1.868    12.705    clk_IBUF
    BUFGCTRL_X0Y16       BUFG (Prop_bufg_I_O)         0.091    12.796 r  clk_IBUF_BUFG_inst/O
                         net (fo=1985, routed)        1.501    14.296    u_impl/u_accumulator/clk_IBUF_BUFG
    SLICE_X5Y61          FDRE                                         r  u_impl/u_accumulator/running_energy_reg[60]/C
                         clock pessimism              0.321    14.618    
                         clock uncertainty           -0.035    14.583    
    SLICE_X5Y61          FDRE (Setup_fdre_C_R)       -0.429    14.154    u_impl/u_accumulator/running_energy_reg[60]
  -------------------------------------------------------------------
                         required time                         14.154    
                         arrival time                         -10.268    
  -------------------------------------------------------------------
                         slack                                  3.885    

Slack (MET) :             3.885ns  (required time - arrival time)
  Source:                 u_impl/gen_narrow_mag.u_mag/valid_out_reg/C
                            (rising edge-triggered cell FDRE clocked by clk  {rise@0.000ns fall@5.000ns period=10.000ns})
  Destination:            u_impl/u_accumulator/running_energy_reg[61]/R
                            (rising edge-triggered cell FDRE clocked by clk  {rise@0.000ns fall@5.000ns period=10.000ns})
  Path Group:             clk
  Path Type:              Setup (Max at Slow Process Corner)
  Requirement:            10.000ns  (clk rise@10.000ns - clk rise@0.000ns)
  Data Path Delay:        5.675ns  (logic 0.642ns (11.312%)  route 5.033ns (88.688%))
  Logic Levels:           1  (LUT3=1)
  Clock Path Skew:        0.025ns (DCD - SCD + CPR)
    Destination Clock Delay (DCD):    4.296ns = ( 14.296 - 10.000 ) 
    Source Clock Delay      (SCD):    4.593ns
    Clock Pessimism Removal (CPR):    0.321ns
  Clock Uncertainty:      0.035ns  ((TSJ^2 + TIJ^2)^1/2 + DJ) / 2 + PE
    Total System Jitter     (TSJ):    0.071ns
    Total Input Jitter      (TIJ):    0.000ns
    Discrete Jitter          (DJ):    0.000ns
    Phase Error              (PE):    0.000ns

    Location             Delay type                Incr(ns)  Path(ns)    Netlist Resource(s)
  -------------------------------------------------------------------    -------------------
                         (clock clk rise edge)        0.000     0.000 r  
    J20                                               0.000     0.000 r  clk (IN)
                         net (fo=0)                   0.000     0.000    clk
    J20                  IBUF (Prop_ibuf_I_O)         0.970     0.970 r  clk_IBUF_inst/O
                         net (fo=1, routed)           1.972     2.942    clk_IBUF
    BUFGCTRL_X0Y16       BUFG (Prop_bufg_I_O)         0.096     3.038 r  clk_IBUF_BUFG_inst/O
                         net (fo=1985, routed)        1.555     4.593    u_impl/gen_narrow_mag.u_mag/clk_IBUF_BUFG
    SLICE_X8Y54          FDRE                                         r  u_impl/gen_narrow_mag.u_mag/valid_out_reg/C
  -------------------------------------------------------------------    -------------------
    SLICE_X8Y54          FDRE (Prop_fdre_C_Q)         0.518     5.111 r  u_impl/gen_narrow_mag.u_mag/valid_out_reg/Q
                         net (fo=64, routed)          2.447     7.558    u_impl/gen_narrow_mag.u_mag/valid_s4
    SLICE_X2Y46          LUT3 (Prop_lut3_I1_O)        0.124     7.682 r  u_impl/gen_narrow_mag.u_mag/running_energy[0]_i_1/O
                         net (fo=62, routed)          2.586    10.268    u_impl/u_accumulator/running_energy_reg[61]_0
    SLICE_X5Y61          FDRE                                         r  u_impl/u_accumulator/running_energy_reg[61]/R
  -------------------------------------------------------------------    -------------------

                         (clock clk rise edge)       10.000    10.000 r  
    J20                                               0.000    10.000 r  clk (IN)
                         net (fo=0)                   0.000    10.000    clk
    J20                  IBUF (Prop_ibuf_I_O)         0.837    10.837 r  clk_IBUF_inst/O
                         net (fo=1, routed)           1.868    12.705    clk_IBUF
    BUFGCTRL_X0Y16       BUFG (Prop_bufg_I_O)         0.091    12.796 r  clk_IBUF_BUFG_inst/O
                         net (fo=1985, routed)        1.501    14.296    u_impl/u_accumulator/clk_IBUF_BUFG
    SLICE_X5Y61          FDRE                                         r  u_impl/u_accumulator/running_energy_reg[61]/C
                         clock pessimism              0.321    14.618    
                         clock uncertainty           -0.035    14.583    
    SLICE_X5Y61          FDRE (Setup_fdre_C_R)       -0.429    14.154    u_impl/u_accumulator/running_energy_reg[61]
  -------------------------------------------------------------------
                         required time                         14.154    
                         arrival time                         -10.268    
  -------------------------------------------------------------------
                         slack                                  3.885    

Slack (MET) :             3.909ns  (required time - arrival time)
  Source:                 u_impl/gen_narrow_mag.u_mag/q_square_reg__0/CLK
                            (rising edge-triggered cell DSP48E1 clocked by clk  {rise@0.000ns fall@5.000ns period=10.000ns})
  Destination:            u_impl/gen_narrow_mag.u_mag/mag_sq_reg[57]/D
                            (rising edge-triggered cell FDRE clocked by clk  {rise@0.000ns fall@5.000ns period=10.000ns})
  Path Group:             clk
  Path Type:              Setup (Max at Slow Process Corner)
  Requirement:            10.000ns  (clk rise@10.000ns - clk rise@0.000ns)
  Data Path Delay:        5.938ns  (logic 3.534ns (59.518%)  route 2.404ns (40.482%))
  Logic Levels:           14  (CARRY4=12 LUT2=2)
  Clock Path Skew:        -0.227ns (DCD - SCD + CPR)
    Destination Clock Delay (DCD):    4.230ns = ( 14.230 - 10.000 ) 
    Source Clock Delay      (SCD):    4.700ns
    Clock Pessimism Removal (CPR):    0.242ns
  Clock Uncertainty:      0.035ns  ((TSJ^2 + TIJ^2)^1/2 + DJ) / 2 + PE
    Total System Jitter     (TSJ):    0.071ns
    Total Input Jitter      (TIJ):    0.000ns
    Discrete Jitter          (DJ):    0.000ns
    Phase Error              (PE):    0.000ns

    Location             Delay type                Incr(ns)  Path(ns)    Netlist Resource(s)
  -------------------------------------------------------------------    -------------------
                         (clock clk rise edge)        0.000     0.000 r  
    J20                                               0.000     0.000 r  clk (IN)
                         net (fo=0)                   0.000     0.000    clk
    J20                  IBUF (Prop_ibuf_I_O)         0.970     0.970 r  clk_IBUF_inst/O
                         net (fo=1, routed)           1.972     2.942    clk_IBUF
    BUFGCTRL_X0Y16       BUFG (Prop_bufg_I_O)         0.096     3.038 r  clk_IBUF_BUFG_inst/O
                         net (fo=1985, routed)        1.662     4.700    u_impl/gen_narrow_mag.u_mag/clk_IBUF_BUFG
    DSP48_X0Y19          DSP48E1                                      r  u_impl/gen_narrow_mag.u_mag/q_square_reg__0/CLK
  -------------------------------------------------------------------    -------------------
    DSP48_X0Y19          DSP48E1 (Prop_dsp48e1_CLK_P[0])
                                                      0.434     5.134 r  u_impl/gen_narrow_mag.u_mag/q_square_reg__0/P[0]
                         net (fo=2, routed)           1.204     6.338    u_impl/gen_narrow_mag.u_mag/q_square_reg__0_n_105
    SLICE_X13Y45         LUT2 (Prop_lut2_I0_O)        0.124     6.462 r  u_impl/gen_narrow_mag.u_mag/q_square0_carry_i_3/O
                         net (fo=1, routed)           0.000     6.462    u_impl/gen_narrow_mag.u_mag/q_square0_carry_i_3_n_0
    SLICE_X13Y45         CARRY4 (Prop_carry4_S[1]_CO[3])
                                                      0.550     7.012 r  u_impl/gen_narrow_mag.u_mag/q_square0_carry/CO[3]
                         net (fo=1, routed)           0.000     7.012    u_impl/gen_narrow_mag.u_mag/q_square0_carry_n_0
    SLICE_X13Y46         CARRY4 (Prop_carry4_CI_CO[3])
                                                      0.114     7.126 r  u_impl/gen_narrow_mag.u_mag/q_square0_carry__0/CO[3]
                         net (fo=1, routed)           0.000     7.126    u_impl/gen_narrow_mag.u_mag/q_square0_carry__0_n_0
    SLICE_X13Y47         CARRY4 (Prop_carry4_CI_O[1])
                                                      0.334     7.460 r  u_impl/gen_narrow_mag.u_mag/q_square0_carry__1/O[1]
                         net (fo=1, routed)           1.200     8.659    u_impl/gen_narrow_mag.u_mag/q_square_reg__1[25]
    SLICE_X14Y52         LUT2 (Prop_lut2_I1_O)        0.303     8.962 r  u_impl/gen_narrow_mag.u_mag/mag_sq[27]_i_4/O
                         net (fo=1, routed)           0.000     8.962    u_impl/gen_narrow_mag.u_mag/mag_sq[27]_i_4_n_0
    SLICE_X14Y52         CARRY4 (Prop_carry4_S[1]_CO[3])
                                                      0.533     9.495 r  u_impl/gen_narrow_mag.u_mag/mag_sq_reg[27]_i_1/CO[3]
                         net (fo=1, routed)           0.000     9.495    u_impl/gen_narrow_mag.u_mag/mag_sq_reg[27]_i_1_n_0
    SLICE_X14Y53         CARRY4 (Prop_carry4_CI_CO[3])
                                                      0.117     9.612 r  u_impl/gen_narrow_mag.u_mag/mag_sq_reg[31]_i_1/CO[3]
                         net (fo=1, routed)           0.000     9.612    u_impl/gen_narrow_mag.u_mag/mag_sq_reg[31]_i_1_n_0
    SLICE_X14Y54         CARRY4 (Prop_carry4_CI_CO[3])
                                                      0.117     9.729 r  u_impl/gen_narrow_mag.u_mag/mag_sq_reg[35]_i_1/CO[3]
                         net (fo=1, routed)           0.000     9.729    u_impl/gen_narrow_mag.u_mag/mag_sq_reg[35]_i_1_n_0
    SLICE_X14Y55         CARRY4 (Prop_carry4_CI_CO[3])
                                                      0.117     9.846 r  u_impl/gen_narrow_mag.u_mag/mag_sq_reg[39]_i_1/CO[3]
                         net (fo=1, routed)           0.000     9.846    u_impl/gen_narrow_mag.u_mag/mag_sq_reg[39]_i_1_n_0
    SLICE_X14Y56         CARRY4 (Prop_carry4_CI_CO[3])
                                                      0.117     9.963 r  u_impl/gen_narrow_mag.u_mag/mag_sq_reg[43]_i_1/CO[3]
                         net (fo=1, routed)           0.000     9.963    u_impl/gen_narrow_mag.u_mag/mag_sq_reg[43]_i_1_n_0
    SLICE_X14Y57         CARRY4 (Prop_carry4_CI_CO[3])
                                                      0.117    10.080 r  u_impl/gen_narrow_mag.u_mag/mag_sq_reg[47]_i_1/CO[3]
                         net (fo=1, routed)           0.000    10.080    u_impl/gen_narrow_mag.u_mag/mag_sq_reg[47]_i_1_n_0
    SLICE_X14Y58         CARRY4 (Prop_carry4_CI_CO[3])
                                                      0.117    10.197 r  u_impl/gen_narrow_mag.u_mag/mag_sq_reg[51]_i_1/CO[3]
                         net (fo=1, routed)           0.000    10.197    u_impl/gen_narrow_mag.u_mag/mag_sq_reg[51]_i_1_n_0
    SLICE_X14Y59         CARRY4 (Prop_carry4_CI_CO[3])
                                                      0.117    10.314 r  u_impl/gen_narrow_mag.u_mag/mag_sq_reg[55]_i_1/CO[3]
                         net (fo=1, routed)           0.000    10.314    u_impl/gen_narrow_mag.u_mag/mag_sq_reg[55]_i_1_n_0
    SLICE_X14Y60         CARRY4 (Prop_carry4_CI_O[1])
                                                      0.323    10.637 r  u_impl/gen_narrow_mag.u_mag/mag_sq_reg[58]_i_1/O[1]
                         net (fo=1, routed)           0.000    10.637    u_impl/gen_narrow_mag.u_mag/mag_resized[57]
    SLICE_X14Y60         FDRE                                         r  u_impl/gen_narrow_mag.u_mag/mag_sq_reg[57]/D
  -------------------------------------------------------------------    -------------------

                         (clock clk rise edge)       10.000    10.000 r  
    J20                                               0.000    10.000 r  clk (IN)
                         net (fo=0)                   0.000    10.000    clk
    J20                  IBUF (Prop_ibuf_I_O)         0.837    10.837 r  clk_IBUF_inst/O
                         net (fo=1, routed)           1.868    12.705    clk_IBUF
    BUFGCTRL_X0Y16       BUFG (Prop_bufg_I_O)         0.091    12.796 r  clk_IBUF_BUFG_inst/O
                         net (fo=1985, routed)        1.435    14.230    u_impl/gen_narrow_mag.u_mag/clk_IBUF_BUFG
    SLICE_X14Y60         FDRE                                         r  u_impl/gen_narrow_mag.u_mag/mag_sq_reg[57]/C
                         clock pessimism              0.242    14.473    
                         clock uncertainty           -0.035    14.437    
    SLICE_X14Y60         FDRE (Setup_fdre_C_D)        0.109    14.546    u_impl/gen_narrow_mag.u_mag/mag_sq_reg[57]
  -------------------------------------------------------------------
                         required time                         14.546    
                         arrival time                         -10.637    
  -------------------------------------------------------------------
                         slack                                  3.909    

Slack (MET) :             3.988ns  (required time - arrival time)
  Source:                 u_impl/gen_narrow_mag.u_mag/q_square_reg__0/CLK
                            (rising edge-triggered cell DSP48E1 clocked by clk  {rise@0.000ns fall@5.000ns period=10.000ns})
  Destination:            u_impl/gen_narrow_mag.u_mag/mag_sq_reg[58]/D
                            (rising edge-triggered cell FDRE clocked by clk  {rise@0.000ns fall@5.000ns period=10.000ns})
  Path Group:             clk
  Path Type:              Setup (Max at Slow Process Corner)
  Requirement:            10.000ns  (clk rise@10.000ns - clk rise@0.000ns)
  Data Path Delay:        5.844ns  (logic 3.440ns (58.867%)  route 2.404ns (41.133%))
  Logic Levels:           14  (CARRY4=12 LUT2=2)
  Clock Path Skew:        -0.227ns (DCD - SCD + CPR)
    Destination Clock Delay (DCD):    4.230ns = ( 14.230 - 10.000 ) 
    Source Clock Delay      (SCD):    4.700ns
    Clock Pessimism Removal (CPR):    0.242ns
  Clock Uncertainty:      0.035ns  ((TSJ^2 + TIJ^2)^1/2 + DJ) / 2 + PE
    Total System Jitter     (TSJ):    0.071ns
    Total Input Jitter      (TIJ):    0.000ns
    Discrete Jitter          (DJ):    0.000ns
    Phase Error              (PE):    0.000ns

    Location             Delay type                Incr(ns)  Path(ns)    Netlist Resource(s)
  -------------------------------------------------------------------    -------------------
                         (clock clk rise edge)        0.000     0.000 r  
    J20                                               0.000     0.000 r  clk (IN)
                         net (fo=0)                   0.000     0.000    clk
    J20                  IBUF (Prop_ibuf_I_O)         0.970     0.970 r  clk_IBUF_inst/O
                         net (fo=1, routed)           1.972     2.942    clk_IBUF
    BUFGCTRL_X0Y16       BUFG (Prop_bufg_I_O)         0.096     3.038 r  clk_IBUF_BUFG_inst/O
                         net (fo=1985, routed)        1.662     4.700    u_impl/gen_narrow_mag.u_mag/clk_IBUF_BUFG
    DSP48_X0Y19          DSP48E1                                      r  u_impl/gen_narrow_mag.u_mag/q_square_reg__0/CLK
  -------------------------------------------------------------------    -------------------
    DSP48_X0Y19          DSP48E1 (Prop_dsp48e1_CLK_P[0])
                                                      0.434     5.134 r  u_impl/gen_narrow_mag.u_mag/q_square_reg__0/P[0]
                         net (fo=2, routed)           1.204     6.338    u_impl/gen_narrow_mag.u_mag/q_square_reg__0_n_105
    SLICE_X13Y45         LUT2 (Prop_lut2_I0_O)        0.124     6.462 r  u_impl/gen_narrow_mag.u_mag/q_square0_carry_i_3/O
                         net (fo=1, routed)           0.000     6.462    u_impl/gen_narrow_mag.u_mag/q_square0_carry_i_3_n_0
    SLICE_X13Y45         CARRY4 (Prop_carry4_S[1]_CO[3])
                                                      0.550     7.012 r  u_impl/gen_narrow_mag.u_mag/q_square0_carry/CO[3]
                         net (fo=1, routed)           0.000     7.012    u_impl/gen_narrow_mag.u_mag/q_square0_carry_n_0
    SLICE_X13Y46         CARRY4 (Prop_carry4_CI_CO[3])
                                                      0.114     7.126 r  u_impl/gen_narrow_mag.u_mag/q_square0_carry__0/CO[3]
                         net (fo=1, routed)           0.000     7.126    u_impl/gen_narrow_mag.u_mag/q_square0_carry__0_n_0
    SLICE_X13Y47         CARRY4 (Prop_carry4_CI_O[1])
                                                      0.334     7.460 r  u_impl/gen_narrow_mag.u_mag/q_square0_carry__1/O[1]
                         net (fo=1, routed)           1.200     8.659    u_impl/gen_narrow_mag.u_mag/q_square_reg__1[25]
    SLICE_X14Y52         LUT2 (Prop_lut2_I1_O)        0.303     8.962 r  u_impl/gen_narrow_mag.u_mag/mag_sq[27]_i_4/O
                         net (fo=1, routed)           0.000     8.962    u_impl/gen_narrow_mag.u_mag/mag_sq[27]_i_4_n_0
    SLICE_X14Y52         CARRY4 (Prop_carry4_S[1]_CO[3])
                                                      0.533     9.495 r  u_impl/gen_narrow_mag.u_mag/mag_sq_reg[27]_i_1/CO[3]
                         net (fo=1, routed)           0.000     9.495    u_impl/gen_narrow_mag.u_mag/mag_sq_reg[27]_i_1_n_0
    SLICE_X14Y53         CARRY4 (Prop_carry4_CI_CO[3])
                                                      0.117     9.612 r  u_impl/gen_narrow_mag.u_mag/mag_sq_reg[31]_i_1/CO[3]
                         net (fo=1, routed)           0.000     9.612    u_impl/gen_narrow_mag.u_mag/mag_sq_reg[31]_i_1_n_0
    SLICE_X14Y54         CARRY4 (Prop_carry4_CI_CO[3])
                                                      0.117     9.729 r  u_impl/gen_narrow_mag.u_mag/mag_sq_reg[35]_i_1/CO[3]
                         net (fo=1, routed)           0.000     9.729    u_impl/gen_narrow_mag.u_mag/mag_sq_reg[35]_i_1_n_0
    SLICE_X14Y55         CARRY4 (Prop_carry4_CI_CO[3])
                                                      0.117     9.846 r  u_impl/gen_narrow_mag.u_mag/mag_sq_reg[39]_i_1/CO[3]
                         net (fo=1, routed)           0.000     9.846    u_impl/gen_narrow_mag.u_mag/mag_sq_reg[39]_i_1_n_0
    SLICE_X14Y56         CARRY4 (Prop_carry4_CI_CO[3])
                                                      0.117     9.963 r  u_impl/gen_narrow_mag.u_mag/mag_sq_reg[43]_i_1/CO[3]
                         net (fo=1, routed)           0.000     9.963    u_impl/gen_narrow_mag.u_mag/mag_sq_reg[43]_i_1_n_0
    SLICE_X14Y57         CARRY4 (Prop_carry4_CI_CO[3])
                                                      0.117    10.080 r  u_impl/gen_narrow_mag.u_mag/mag_sq_reg[47]_i_1/CO[3]
                         net (fo=1, routed)           0.000    10.080    u_impl/gen_narrow_mag.u_mag/mag_sq_reg[47]_i_1_n_0
    SLICE_X14Y58         CARRY4 (Prop_carry4_CI_CO[3])
                                                      0.117    10.197 r  u_impl/gen_narrow_mag.u_mag/mag_sq_reg[51]_i_1/CO[3]
                         net (fo=1, routed)           0.000    10.197    u_impl/gen_narrow_mag.u_mag/mag_sq_reg[51]_i_1_n_0
    SLICE_X14Y59         CARRY4 (Prop_carry4_CI_CO[3])
                                                      0.117    10.314 r  u_impl/gen_narrow_mag.u_mag/mag_sq_reg[55]_i_1/CO[3]
                         net (fo=1, routed)           0.000    10.314    u_impl/gen_narrow_mag.u_mag/mag_sq_reg[55]_i_1_n_0
    SLICE_X14Y60         CARRY4 (Prop_carry4_CI_CO[2])
                                                      0.229    10.543 r  u_impl/gen_narrow_mag.u_mag/mag_sq_reg[58]_i_1/CO[2]
                         net (fo=1, routed)           0.000    10.543    u_impl/gen_narrow_mag.u_mag/mag_resized[58]
    SLICE_X14Y60         FDRE                                         r  u_impl/gen_narrow_mag.u_mag/mag_sq_reg[58]/D
  -------------------------------------------------------------------    -------------------

                         (clock clk rise edge)       10.000    10.000 r  
    J20                                               0.000    10.000 r  clk (IN)
                         net (fo=0)                   0.000    10.000    clk
    J20                  IBUF (Prop_ibuf_I_O)         0.837    10.837 r  clk_IBUF_inst/O
                         net (fo=1, routed)           1.868    12.705    clk_IBUF
    BUFGCTRL_X0Y16       BUFG (Prop_bufg_I_O)         0.091    12.796 r  clk_IBUF_BUFG_inst/O
                         net (fo=1985, routed)        1.435    14.230    u_impl/gen_narrow_mag.u_mag/clk_IBUF_BUFG
    SLICE_X14Y60         FDRE                                         r  u_impl/gen_narrow_mag.u_mag/mag_sq_reg[58]/C
                         clock pessimism              0.242    14.473    
                         clock uncertainty           -0.035    14.437    
    SLICE_X14Y60         FDRE (Setup_fdre_C_D)        0.094    14.531    u_impl/gen_narrow_mag.u_mag/mag_sq_reg[58]
  -------------------------------------------------------------------
                         required time                         14.531    
                         arrival time                         -10.543    
  -------------------------------------------------------------------
                         slack                                  3.988    

Slack (MET) :             4.013ns  (required time - arrival time)
  Source:                 u_impl/gen_narrow_mag.u_mag/q_square_reg__0/CLK
                            (rising edge-triggered cell DSP48E1 clocked by clk  {rise@0.000ns fall@5.000ns period=10.000ns})
  Destination:            u_impl/gen_narrow_mag.u_mag/mag_sq_reg[56]/D
                            (rising edge-triggered cell FDRE clocked by clk  {rise@0.000ns fall@5.000ns period=10.000ns})
  Path Group:             clk
  Path Type:              Setup (Max at Slow Process Corner)
  Requirement:            10.000ns  (clk rise@10.000ns - clk rise@0.000ns)
  Data Path Delay:        5.834ns  (logic 3.430ns (58.797%)  route 2.404ns (41.203%))
  Logic Levels:           14  (CARRY4=12 LUT2=2)
  Clock Path Skew:        -0.227ns (DCD - SCD + CPR)
    Destination Clock Delay (DCD):    4.230ns = ( 14.230 - 10.000 ) 
    Source Clock Delay      (SCD):    4.700ns
    Clock Pessimism Removal (CPR):    0.242ns
  Clock Uncertainty:      0.035ns  ((TSJ^2 + TIJ^2)^1/2 + DJ) / 2 + PE
    Total System Jitter     (TSJ):    0.071ns
    Total Input Jitter      (TIJ):    0.000ns
    Discrete Jitter          (DJ):    0.000ns
    Phase Error              (PE):    0.000ns

    Location             Delay type                Incr(ns)  Path(ns)    Netlist Resource(s)
  -------------------------------------------------------------------    -------------------
                         (clock clk rise edge)        0.000     0.000 r  
    J20                                               0.000     0.000 r  clk (IN)
                         net (fo=0)                   0.000     0.000    clk
    J20                  IBUF (Prop_ibuf_I_O)         0.970     0.970 r  clk_IBUF_inst/O
                         net (fo=1, routed)           1.972     2.942    clk_IBUF
    BUFGCTRL_X0Y16       BUFG (Prop_bufg_I_O)         0.096     3.038 r  clk_IBUF_BUFG_inst/O
                         net (fo=1985, routed)        1.662     4.700    u_impl/gen_narrow_mag.u_mag/clk_IBUF_BUFG
    DSP48_X0Y19          DSP48E1                                      r  u_impl/gen_narrow_mag.u_mag/q_square_reg__0/CLK
  -------------------------------------------------------------------    -------------------
    DSP48_X0Y19          DSP48E1 (Prop_dsp48e1_CLK_P[0])
                                                      0.434     5.134 r  u_impl/gen_narrow_mag.u_mag/q_square_reg__0/P[0]
                         net (fo=2, routed)           1.204     6.338    u_impl/gen_narrow_mag.u_mag/q_square_reg__0_n_105
    SLICE_X13Y45         LUT2 (Prop_lut2_I0_O)        0.124     6.462 r  u_impl/gen_narrow_mag.u_mag/q_square0_carry_i_3/O
                         net (fo=1, routed)           0.000     6.462    u_impl/gen_narrow_mag.u_mag/q_square0_carry_i_3_n_0
    SLICE_X13Y45         CARRY4 (Prop_carry4_S[1]_CO[3])
                                                      0.550     7.012 r  u_impl/gen_narrow_mag.u_mag/q_square0_carry/CO[3]
                         net (fo=1, routed)           0.000     7.012    u_impl/gen_narrow_mag.u_mag/q_square0_carry_n_0
    SLICE_X13Y46         CARRY4 (Prop_carry4_CI_CO[3])
                                                      0.114     7.126 r  u_impl/gen_narrow_mag.u_mag/q_square0_carry__0/CO[3]
                         net (fo=1, routed)           0.000     7.126    u_impl/gen_narrow_mag.u_mag/q_square0_carry__0_n_0
    SLICE_X13Y47         CARRY4 (Prop_carry4_CI_O[1])
                                                      0.334     7.460 r  u_impl/gen_narrow_mag.u_mag/q_square0_carry__1/O[1]
                         net (fo=1, routed)           1.200     8.659    u_impl/gen_narrow_mag.u_mag/q_square_reg__1[25]
    SLICE_X14Y52         LUT2 (Prop_lut2_I1_O)        0.303     8.962 r  u_impl/gen_narrow_mag.u_mag/mag_sq[27]_i_4/O
                         net (fo=1, routed)           0.000     8.962    u_impl/gen_narrow_mag.u_mag/mag_sq[27]_i_4_n_0
    SLICE_X14Y52         CARRY4 (Prop_carry4_S[1]_CO[3])
                                                      0.533     9.495 r  u_impl/gen_narrow_mag.u_mag/mag_sq_reg[27]_i_1/CO[3]
                         net (fo=1, routed)           0.000     9.495    u_impl/gen_narrow_mag.u_mag/mag_sq_reg[27]_i_1_n_0
    SLICE_X14Y53         CARRY4 (Prop_carry4_CI_CO[3])
                                                      0.117     9.612 r  u_impl/gen_narrow_mag.u_mag/mag_sq_reg[31]_i_1/CO[3]
                         net (fo=1, routed)           0.000     9.612    u_impl/gen_narrow_mag.u_mag/mag_sq_reg[31]_i_1_n_0
    SLICE_X14Y54         CARRY4 (Prop_carry4_CI_CO[3])
                                                      0.117     9.729 r  u_impl/gen_narrow_mag.u_mag/mag_sq_reg[35]_i_1/CO[3]
                         net (fo=1, routed)           0.000     9.729    u_impl/gen_narrow_mag.u_mag/mag_sq_reg[35]_i_1_n_0
    SLICE_X14Y55         CARRY4 (Prop_carry4_CI_CO[3])
                                                      0.117     9.846 r  u_impl/gen_narrow_mag.u_mag/mag_sq_reg[39]_i_1/CO[3]
                         net (fo=1, routed)           0.000     9.846    u_impl/gen_narrow_mag.u_mag/mag_sq_reg[39]_i_1_n_0
    SLICE_X14Y56         CARRY4 (Prop_carry4_CI_CO[3])
                                                      0.117     9.963 r  u_impl/gen_narrow_mag.u_mag/mag_sq_reg[43]_i_1/CO[3]
                         net (fo=1, routed)           0.000     9.963    u_impl/gen_narrow_mag.u_mag/mag_sq_reg[43]_i_1_n_0
    SLICE_X14Y57         CARRY4 (Prop_carry4_CI_CO[3])
                                                      0.117    10.080 r  u_impl/gen_narrow_mag.u_mag/mag_sq_reg[47]_i_1/CO[3]
                         net (fo=1, routed)           0.000    10.080    u_impl/gen_narrow_mag.u_mag/mag_sq_reg[47]_i_1_n_0
    SLICE_X14Y58         CARRY4 (Prop_carry4_CI_CO[3])
                                                      0.117    10.197 r  u_impl/gen_narrow_mag.u_mag/mag_sq_reg[51]_i_1/CO[3]
                         net (fo=1, routed)           0.000    10.197    u_impl/gen_narrow_mag.u_mag/mag_sq_reg[51]_i_1_n_0
    SLICE_X14Y59         CARRY4 (Prop_carry4_CI_CO[3])
                                                      0.117    10.314 r  u_impl/gen_narrow_mag.u_mag/mag_sq_reg[55]_i_1/CO[3]
                         net (fo=1, routed)           0.000    10.314    u_impl/gen_narrow_mag.u_mag/mag_sq_reg[55]_i_1_n_0
    SLICE_X14Y60         CARRY4 (Prop_carry4_CI_O[0])
                                                      0.219    10.533 r  u_impl/gen_narrow_mag.u_mag/mag_sq_reg[58]_i_1/O[0]
                         net (fo=1, routed)           0.000    10.533    u_impl/gen_narrow_mag.u_mag/mag_resized[56]
    SLICE_X14Y60         FDRE                                         r  u_impl/gen_narrow_mag.u_mag/mag_sq_reg[56]/D
  -------------------------------------------------------------------    -------------------

                         (clock clk rise edge)       10.000    10.000 r  
    J20                                               0.000    10.000 r  clk (IN)
                         net (fo=0)                   0.000    10.000    clk
    J20                  IBUF (Prop_ibuf_I_O)         0.837    10.837 r  clk_IBUF_inst/O
                         net (fo=1, routed)           1.868    12.705    clk_IBUF
    BUFGCTRL_X0Y16       BUFG (Prop_bufg_I_O)         0.091    12.796 r  clk_IBUF_BUFG_inst/O
                         net (fo=1985, routed)        1.435    14.230    u_impl/gen_narrow_mag.u_mag/clk_IBUF_BUFG
    SLICE_X14Y60         FDRE                                         r  u_impl/gen_narrow_mag.u_mag/mag_sq_reg[56]/C
                         clock pessimism              0.242    14.473    
                         clock uncertainty           -0.035    14.437    
    SLICE_X14Y60         FDRE (Setup_fdre_C_D)        0.109    14.546    u_impl/gen_narrow_mag.u_mag/mag_sq_reg[56]
  -------------------------------------------------------------------
                         required time                         14.546    
                         arrival time                         -10.533    
  -------------------------------------------------------------------
                         slack                                  4.013    

Slack (MET) :             4.025ns  (required time - arrival time)
  Source:                 u_impl/gen_narrow_mag.u_mag/valid_out_reg/C
                            (rising edge-triggered cell FDRE clocked by clk  {rise@0.000ns fall@5.000ns period=10.000ns})
  Destination:            u_impl/u_accumulator/running_energy_reg[56]/R
                            (rising edge-triggered cell FDRE clocked by clk  {rise@0.000ns fall@5.000ns period=10.000ns})
  Path Group:             clk
  Path Type:              Setup (Max at Slow Process Corner)
  Requirement:            10.000ns  (clk rise@10.000ns - clk rise@0.000ns)
  Data Path Delay:        5.537ns  (logic 0.642ns (11.595%)  route 4.895ns (88.405%))
  Logic Levels:           1  (LUT3=1)
  Clock Path Skew:        0.026ns (DCD - SCD + CPR)
    Destination Clock Delay (DCD):    4.297ns = ( 14.297 - 10.000 ) 
    Source Clock Delay      (SCD):    4.593ns
    Clock Pessimism Removal (CPR):    0.321ns
  Clock Uncertainty:      0.035ns  ((TSJ^2 + TIJ^2)^1/2 + DJ) / 2 + PE
    Total System Jitter     (TSJ):    0.071ns
    Total Input Jitter      (TIJ):    0.000ns
    Discrete Jitter          (DJ):    0.000ns
    Phase Error              (PE):    0.000ns

    Location             Delay type                Incr(ns)  Path(ns)    Netlist Resource(s)
  -------------------------------------------------------------------    -------------------
                         (clock clk rise edge)        0.000     0.000 r  
    J20                                               0.000     0.000 r  clk (IN)
                         net (fo=0)                   0.000     0.000    clk
    J20                  IBUF (Prop_ibuf_I_O)         0.970     0.970 r  clk_IBUF_inst/O
                         net (fo=1, routed)           1.972     2.942    clk_IBUF
    BUFGCTRL_X0Y16       BUFG (Prop_bufg_I_O)         0.096     3.038 r  clk_IBUF_BUFG_inst/O
                         net (fo=1985, routed)        1.555     4.593    u_impl/gen_narrow_mag.u_mag/clk_IBUF_BUFG
    SLICE_X8Y54          FDRE                                         r  u_impl/gen_narrow_mag.u_mag/valid_out_reg/C
  -------------------------------------------------------------------    -------------------
    SLICE_X8Y54          FDRE (Prop_fdre_C_Q)         0.518     5.111 r  u_impl/gen_narrow_mag.u_mag/valid_out_reg/Q
                         net (fo=64, routed)          2.447     7.558    u_impl/gen_narrow_mag.u_mag/valid_s4
    SLICE_X2Y46          LUT3 (Prop_lut3_I1_O)        0.124     7.682 r  u_impl/gen_narrow_mag.u_mag/running_energy[0]_i_1/O
                         net (fo=62, routed)          2.448    10.130    u_impl/u_accumulator/running_energy_reg[61]_0
    SLICE_X5Y60          FDRE                                         r  u_impl/u_accumulator/running_energy_reg[56]/R
  -------------------------------------------------------------------    -------------------

                         (clock clk rise edge)       10.000    10.000 r  
    J20                                               0.000    10.000 r  clk (IN)
                         net (fo=0)                   0.000    10.000    clk
    J20                  IBUF (Prop_ibuf_I_O)         0.837    10.837 r  clk_IBUF_inst/O
                         net (fo=1, routed)           1.868    12.705    clk_IBUF
    BUFGCTRL_X0Y16       BUFG (Prop_bufg_I_O)         0.091    12.796 r  clk_IBUF_BUFG_inst/O
                         net (fo=1985, routed)        1.502    14.297    u_impl/u_accumulator/clk_IBUF_BUFG
    SLICE_X5Y60          FDRE                                         r  u_impl/u_accumulator/running_energy_reg[56]/C
                         clock pessimism              0.321    14.619    
                         clock uncertainty           -0.035    14.584    
    SLICE_X5Y60          FDRE (Setup_fdre_C_R)       -0.429    14.155    u_impl/u_accumulator/running_energy_reg[56]
  -------------------------------------------------------------------
                         required time                         14.155    
                         arrival time                         -10.130    
  -------------------------------------------------------------------
                         slack                                  4.025    

Slack (MET) :             4.025ns  (required time - arrival time)
  Source:                 u_impl/gen_narrow_mag.u_mag/valid_out_reg/C
                            (rising edge-triggered cell FDRE clocked by clk  {rise@0.000ns fall@5.000ns period=10.000ns})
  Destination:            u_impl/u_accumulator/running_energy_reg[57]/R
                            (rising edge-triggered cell FDRE clocked by clk  {rise@0.000ns fall@5.000ns period=10.000ns})
  Path Group:             clk
  Path Type:              Setup (Max at Slow Process Corner)
  Requirement:            10.000ns  (clk rise@10.000ns - clk rise@0.000ns)
  Data Path Delay:        5.537ns  (logic 0.642ns (11.595%)  route 4.895ns (88.405%))
  Logic Levels:           1  (LUT3=1)
  Clock Path Skew:        0.026ns (DCD - SCD + CPR)
    Destination Clock Delay (DCD):    4.297ns = ( 14.297 - 10.000 ) 
    Source Clock Delay      (SCD):    4.593ns
    Clock Pessimism Removal (CPR):    0.321ns
  Clock Uncertainty:      0.035ns  ((TSJ^2 + TIJ^2)^1/2 + DJ) / 2 + PE
    Total System Jitter     (TSJ):    0.071ns
    Total Input Jitter      (TIJ):    0.000ns
    Discrete Jitter          (DJ):    0.000ns
    Phase Error              (PE):    0.000ns

    Location             Delay type                Incr(ns)  Path(ns)    Netlist Resource(s)
  -------------------------------------------------------------------    -------------------
                         (clock clk rise edge)        0.000     0.000 r  
    J20                                               0.000     0.000 r  clk (IN)
                         net (fo=0)                   0.000     0.000    clk
    J20                  IBUF (Prop_ibuf_I_O)         0.970     0.970 r  clk_IBUF_inst/O
                         net (fo=1, routed)           1.972     2.942    clk_IBUF
    BUFGCTRL_X0Y16       BUFG (Prop_bufg_I_O)         0.096     3.038 r  clk_IBUF_BUFG_inst/O
                         net (fo=1985, routed)        1.555     4.593    u_impl/gen_narrow_mag.u_mag/clk_IBUF_BUFG
    SLICE_X8Y54          FDRE                                         r  u_impl/gen_narrow_mag.u_mag/valid_out_reg/C
  -------------------------------------------------------------------    -------------------
    SLICE_X8Y54          FDRE (Prop_fdre_C_Q)         0.518     5.111 r  u_impl/gen_narrow_mag.u_mag/valid_out_reg/Q
                         net (fo=64, routed)          2.447     7.558    u_impl/gen_narrow_mag.u_mag/valid_s4
    SLICE_X2Y46          LUT3 (Prop_lut3_I1_O)        0.124     7.682 r  u_impl/gen_narrow_mag.u_mag/running_energy[0]_i_1/O
                         net (fo=62, routed)          2.448    10.130    u_impl/u_accumulator/running_energy_reg[61]_0
    SLICE_X5Y60          FDRE                                         r  u_impl/u_accumulator/running_energy_reg[57]/R
  -------------------------------------------------------------------    -------------------

                         (clock clk rise edge)       10.000    10.000 r  
    J20                                               0.000    10.000 r  clk (IN)
                         net (fo=0)                   0.000    10.000    clk
    J20                  IBUF (Prop_ibuf_I_O)         0.837    10.837 r  clk_IBUF_inst/O
                         net (fo=1, routed)           1.868    12.705    clk_IBUF
    BUFGCTRL_X0Y16       BUFG (Prop_bufg_I_O)         0.091    12.796 r  clk_IBUF_BUFG_inst/O
                         net (fo=1985, routed)        1.502    14.297    u_impl/u_accumulator/clk_IBUF_BUFG
    SLICE_X5Y60          FDRE                                         r  u_impl/u_accumulator/running_energy_reg[57]/C
                         clock pessimism              0.321    14.619    
                         clock uncertainty           -0.035    14.584    
    SLICE_X5Y60          FDRE (Setup_fdre_C_R)       -0.429    14.155    u_impl/u_accumulator/running_energy_reg[57]
  -------------------------------------------------------------------
                         required time                         14.155    
                         arrival time                         -10.130    
  -------------------------------------------------------------------
                         slack                                  4.025    

Slack (MET) :             4.025ns  (required time - arrival time)
  Source:                 u_impl/gen_narrow_mag.u_mag/valid_out_reg/C
                            (rising edge-triggered cell FDRE clocked by clk  {rise@0.000ns fall@5.000ns period=10.000ns})
  Destination:            u_impl/u_accumulator/running_energy_reg[58]/R
                            (rising edge-triggered cell FDRE clocked by clk  {rise@0.000ns fall@5.000ns period=10.000ns})
  Path Group:             clk
  Path Type:              Setup (Max at Slow Process Corner)
  Requirement:            10.000ns  (clk rise@10.000ns - clk rise@0.000ns)
  Data Path Delay:        5.537ns  (logic 0.642ns (11.595%)  route 4.895ns (88.405%))
  Logic Levels:           1  (LUT3=1)
  Clock Path Skew:        0.026ns (DCD - SCD + CPR)
    Destination Clock Delay (DCD):    4.297ns = ( 14.297 - 10.000 ) 
    Source Clock Delay      (SCD):    4.593ns
    Clock Pessimism Removal (CPR):    0.321ns
  Clock Uncertainty:      0.035ns  ((TSJ^2 + TIJ^2)^1/2 + DJ) / 2 + PE
    Total System Jitter     (TSJ):    0.071ns
    Total Input Jitter      (TIJ):    0.000ns
    Discrete Jitter          (DJ):    0.000ns
    Phase Error              (PE):    0.000ns

    Location             Delay type                Incr(ns)  Path(ns)    Netlist Resource(s)
  -------------------------------------------------------------------    -------------------
                         (clock clk rise edge)        0.000     0.000 r  
    J20                                               0.000     0.000 r  clk (IN)
                         net (fo=0)                   0.000     0.000    clk
    J20                  IBUF (Prop_ibuf_I_O)         0.970     0.970 r  clk_IBUF_inst/O
                         net (fo=1, routed)           1.972     2.942    clk_IBUF
    BUFGCTRL_X0Y16       BUFG (Prop_bufg_I_O)         0.096     3.038 r  clk_IBUF_BUFG_inst/O
                         net (fo=1985, routed)        1.555     4.593    u_impl/gen_narrow_mag.u_mag/clk_IBUF_BUFG
    SLICE_X8Y54          FDRE                                         r  u_impl/gen_narrow_mag.u_mag/valid_out_reg/C
  -------------------------------------------------------------------    -------------------
    SLICE_X8Y54          FDRE (Prop_fdre_C_Q)         0.518     5.111 r  u_impl/gen_narrow_mag.u_mag/valid_out_reg/Q
                         net (fo=64, routed)          2.447     7.558    u_impl/gen_narrow_mag.u_mag/valid_s4
    SLICE_X2Y46          LUT3 (Prop_lut3_I1_O)        0.124     7.682 r  u_impl/gen_narrow_mag.u_mag/running_energy[0]_i_1/O
                         net (fo=62, routed)          2.448    10.130    u_impl/u_accumulator/running_energy_reg[61]_0
    SLICE_X5Y60          FDRE                                         r  u_impl/u_accumulator/running_energy_reg[58]/R
  -------------------------------------------------------------------    -------------------

                         (clock clk rise edge)       10.000    10.000 r  
    J20                                               0.000    10.000 r  clk (IN)
                         net (fo=0)                   0.000    10.000    clk
    J20                  IBUF (Prop_ibuf_I_O)         0.837    10.837 r  clk_IBUF_inst/O
                         net (fo=1, routed)           1.868    12.705    clk_IBUF
    BUFGCTRL_X0Y16       BUFG (Prop_bufg_I_O)         0.091    12.796 r  clk_IBUF_BUFG_inst/O
                         net (fo=1985, routed)        1.502    14.297    u_impl/u_accumulator/clk_IBUF_BUFG
    SLICE_X5Y60          FDRE                                         r  u_impl/u_accumulator/running_energy_reg[58]/C
                         clock pessimism              0.321    14.619    
                         clock uncertainty           -0.035    14.584    
    SLICE_X5Y60          FDRE (Setup_fdre_C_R)       -0.429    14.155    u_impl/u_accumulator/running_energy_reg[58]
  -------------------------------------------------------------------
                         required time                         14.155    
                         arrival time                         -10.130    
  -------------------------------------------------------------------
                         slack                                  4.025    

Slack (MET) :             4.025ns  (required time - arrival time)
  Source:                 u_impl/gen_narrow_mag.u_mag/valid_out_reg/C
                            (rising edge-triggered cell FDRE clocked by clk  {rise@0.000ns fall@5.000ns period=10.000ns})
  Destination:            u_impl/u_accumulator/running_energy_reg[59]/R
                            (rising edge-triggered cell FDRE clocked by clk  {rise@0.000ns fall@5.000ns period=10.000ns})
  Path Group:             clk
  Path Type:              Setup (Max at Slow Process Corner)
  Requirement:            10.000ns  (clk rise@10.000ns - clk rise@0.000ns)
  Data Path Delay:        5.537ns  (logic 0.642ns (11.595%)  route 4.895ns (88.405%))
  Logic Levels:           1  (LUT3=1)
  Clock Path Skew:        0.026ns (DCD - SCD + CPR)
    Destination Clock Delay (DCD):    4.297ns = ( 14.297 - 10.000 ) 
    Source Clock Delay      (SCD):    4.593ns
    Clock Pessimism Removal (CPR):    0.321ns
  Clock Uncertainty:      0.035ns  ((TSJ^2 + TIJ^2)^1/2 + DJ) / 2 + PE
    Total System Jitter     (TSJ):    0.071ns
    Total Input Jitter      (TIJ):    0.000ns
    Discrete Jitter          (DJ):    0.000ns
    Phase Error              (PE):    0.000ns

    Location             Delay type                Incr(ns)  Path(ns)    Netlist Resource(s)
  -------------------------------------------------------------------    -------------------
                         (clock clk rise edge)        0.000     0.000 r  
    J20                                               0.000     0.000 r  clk (IN)
                         net (fo=0)                   0.000     0.000    clk
    J20                  IBUF (Prop_ibuf_I_O)         0.970     0.970 r  clk_IBUF_inst/O
                         net (fo=1, routed)           1.972     2.942    clk_IBUF
    BUFGCTRL_X0Y16       BUFG (Prop_bufg_I_O)         0.096     3.038 r  clk_IBUF_BUFG_inst/O
                         net (fo=1985, routed)        1.555     4.593    u_impl/gen_narrow_mag.u_mag/clk_IBUF_BUFG
    SLICE_X8Y54          FDRE                                         r  u_impl/gen_narrow_mag.u_mag/valid_out_reg/C
  -------------------------------------------------------------------    -------------------
    SLICE_X8Y54          FDRE (Prop_fdre_C_Q)         0.518     5.111 r  u_impl/gen_narrow_mag.u_mag/valid_out_reg/Q
                         net (fo=64, routed)          2.447     7.558    u_impl/gen_narrow_mag.u_mag/valid_s4
    SLICE_X2Y46          LUT3 (Prop_lut3_I1_O)        0.124     7.682 r  u_impl/gen_narrow_mag.u_mag/running_energy[0]_i_1/O
                         net (fo=62, routed)          2.448    10.130    u_impl/u_accumulator/running_energy_reg[61]_0
    SLICE_X5Y60          FDRE                                         r  u_impl/u_accumulator/running_energy_reg[59]/R
  -------------------------------------------------------------------    -------------------

                         (clock clk rise edge)       10.000    10.000 r  
    J20                                               0.000    10.000 r  clk (IN)
                         net (fo=0)                   0.000    10.000    clk
    J20                  IBUF (Prop_ibuf_I_O)         0.837    10.837 r  clk_IBUF_inst/O
                         net (fo=1, routed)           1.868    12.705    clk_IBUF
    BUFGCTRL_X0Y16       BUFG (Prop_bufg_I_O)         0.091    12.796 r  clk_IBUF_BUFG_inst/O
                         net (fo=1985, routed)        1.502    14.297    u_impl/u_accumulator/clk_IBUF_BUFG
    SLICE_X5Y60          FDRE                                         r  u_impl/u_accumulator/running_energy_reg[59]/C
                         clock pessimism              0.321    14.619    
                         clock uncertainty           -0.035    14.584    
    SLICE_X5Y60          FDRE (Setup_fdre_C_R)       -0.429    14.155    u_impl/u_accumulator/running_energy_reg[59]
  -------------------------------------------------------------------
                         required time                         14.155    
                         arrival time                         -10.130    
  -------------------------------------------------------------------
                         slack                                  4.025    

Slack (MET) :             4.026ns  (required time - arrival time)
  Source:                 u_impl/gen_narrow_mag.u_mag/q_square_reg__0/CLK
                            (rising edge-triggered cell DSP48E1 clocked by clk  {rise@0.000ns fall@5.000ns period=10.000ns})
  Destination:            u_impl/gen_narrow_mag.u_mag/mag_sq_reg[53]/D
                            (rising edge-triggered cell FDRE clocked by clk  {rise@0.000ns fall@5.000ns period=10.000ns})
  Path Group:             clk
  Path Type:              Setup (Max at Slow Process Corner)
  Requirement:            10.000ns  (clk rise@10.000ns - clk rise@0.000ns)
  Data Path Delay:        5.821ns  (logic 3.417ns (58.705%)  route 2.404ns (41.295%))
  Logic Levels:           13  (CARRY4=11 LUT2=2)
  Clock Path Skew:        -0.227ns (DCD - SCD + CPR)
    Destination Clock Delay (DCD):    4.230ns = ( 14.230 - 10.000 ) 
    Source Clock Delay      (SCD):    4.700ns
    Clock Pessimism Removal (CPR):    0.242ns
  Clock Uncertainty:      0.035ns  ((TSJ^2 + TIJ^2)^1/2 + DJ) / 2 + PE
    Total System Jitter     (TSJ):    0.071ns
    Total Input Jitter      (TIJ):    0.000ns
    Discrete Jitter          (DJ):    0.000ns
    Phase Error              (PE):    0.000ns

    Location             Delay type                Incr(ns)  Path(ns)    Netlist Resource(s)
  -------------------------------------------------------------------    -------------------
                         (clock clk rise edge)        0.000     0.000 r  
    J20                                               0.000     0.000 r  clk (IN)
                         net (fo=0)                   0.000     0.000    clk
    J20                  IBUF (Prop_ibuf_I_O)         0.970     0.970 r  clk_IBUF_inst/O
                         net (fo=1, routed)           1.972     2.942    clk_IBUF
    BUFGCTRL_X0Y16       BUFG (Prop_bufg_I_O)         0.096     3.038 r  clk_IBUF_BUFG_inst/O
                         net (fo=1985, routed)        1.662     4.700    u_impl/gen_narrow_mag.u_mag/clk_IBUF_BUFG
    DSP48_X0Y19          DSP48E1                                      r  u_impl/gen_narrow_mag.u_mag/q_square_reg__0/CLK
  -------------------------------------------------------------------    -------------------
    DSP48_X0Y19          DSP48E1 (Prop_dsp48e1_CLK_P[0])
                                                      0.434     5.134 r  u_impl/gen_narrow_mag.u_mag/q_square_reg__0/P[0]
                         net (fo=2, routed)           1.204     6.338    u_impl/gen_narrow_mag.u_mag/q_square_reg__0_n_105
    SLICE_X13Y45         LUT2 (Prop_lut2_I0_O)        0.124     6.462 r  u_impl/gen_narrow_mag.u_mag/q_square0_carry_i_3/O
                         net (fo=1, routed)           0.000     6.462    u_impl/gen_narrow_mag.u_mag/q_square0_carry_i_3_n_0
    SLICE_X13Y45         CARRY4 (Prop_carry4_S[1]_CO[3])
                                                      0.550     7.012 r  u_impl/gen_narrow_mag.u_mag/q_square0_carry/CO[3]
                         net (fo=1, routed)           0.000     7.012    u_impl/gen_narrow_mag.u_mag/q_square0_carry_n_0
    SLICE_X13Y46         CARRY4 (Prop_carry4_CI_CO[3])
                                                      0.114     7.126 r  u_impl/gen_narrow_mag.u_mag/q_square0_carry__0/CO[3]
                         net (fo=1, routed)           0.000     7.126    u_impl/gen_narrow_mag.u_mag/q_square0_carry__0_n_0
    SLICE_X13Y47         CARRY4 (Prop_carry4_CI_O[1])
                                                      0.334     7.460 r  u_impl/gen_narrow_mag.u_mag/q_square0_carry__1/O[1]
                         net (fo=1, routed)           1.200     8.659    u_impl/gen_narrow_mag.u_mag/q_square_reg__1[25]
    SLICE_X14Y52         LUT2 (Prop_lut2_I1_O)        0.303     8.962 r  u_impl/gen_narrow_mag.u_mag/mag_sq[27]_i_4/O
                         net (fo=1, routed)           0.000     8.962    u_impl/gen_narrow_mag.u_mag/mag_sq[27]_i_4_n_0
    SLICE_X14Y52         CARRY4 (Prop_carry4_S[1]_CO[3])
                                                      0.533     9.495 r  u_impl/gen_narrow_mag.u_mag/mag_sq_reg[27]_i_1/CO[3]
                         net (fo=1, routed)           0.000     9.495    u_impl/gen_narrow_mag.u_mag/mag_sq_reg[27]_i_1_n_0
    SLICE_X14Y53         CARRY4 (Prop_carry4_CI_CO[3])
                                                      0.117     9.612 r  u_impl/gen_narrow_mag.u_mag/mag_sq_reg[31]_i_1/CO[3]
                         net (fo=1, routed)           0.000     9.612    u_impl/gen_narrow_mag.u_mag/mag_sq_reg[31]_i_1_n_0
    SLICE_X14Y54         CARRY4 (Prop_carry4_CI_CO[3])
                                                      0.117     9.729 r  u_impl/gen_narrow_mag.u_mag/mag_sq_reg[35]_i_1/CO[3]
                         net (fo=1, routed)           0.000     9.729    u_impl/gen_narrow_mag.u_mag/mag_sq_reg[35]_i_1_n_0
    SLICE_X14Y55         CARRY4 (Prop_carry4_CI_CO[3])
                                                      0.117     9.846 r  u_impl/gen_narrow_mag.u_mag/mag_sq_reg[39]_i_1/CO[3]
                         net (fo=1, routed)           0.000     9.846    u_impl/gen_narrow_mag.u_mag/mag_sq_reg[39]_i_1_n_0
    SLICE_X14Y56         CARRY4 (Prop_carry4_CI_CO[3])
                                                      0.117     9.963 r  u_impl/gen_narrow_mag.u_mag/mag_sq_reg[43]_i_1/CO[3]
                         net (fo=1, routed)           0.000     9.963    u_impl/gen_narrow_mag.u_mag/mag_sq_reg[43]_i_1_n_0
    SLICE_X14Y57         CARRY4 (Prop_carry4_CI_CO[3])
                                                      0.117    10.080 r  u_impl/gen_narrow_mag.u_mag/mag_sq_reg[47]_i_1/CO[3]
                         net (fo=1, routed)           0.000    10.080    u_impl/gen_narrow_mag.u_mag/mag_sq_reg[47]_i_1_n_0
    SLICE_X14Y58         CARRY4 (Prop_carry4_CI_CO[3])
                                                      0.117    10.197 r  u_impl/gen_narrow_mag.u_mag/mag_sq_reg[51]_i_1/CO[3]
                         net (fo=1, routed)           0.000    10.197    u_impl/gen_narrow_mag.u_mag/mag_sq_reg[51]_i_1_n_0
    SLICE_X14Y59         CARRY4 (Prop_carry4_CI_O[1])
                                                      0.323    10.520 r  u_impl/gen_narrow_mag.u_mag/mag_sq_reg[55]_i_1/O[1]
                         net (fo=1, routed)           0.000    10.520    u_impl/gen_narrow_mag.u_mag/mag_resized[53]
    SLICE_X14Y59         FDRE                                         r  u_impl/gen_narrow_mag.u_mag/mag_sq_reg[53]/D
  -------------------------------------------------------------------    -------------------

                         (clock clk rise edge)       10.000    10.000 r  
    J20                                               0.000    10.000 r  clk (IN)
                         net (fo=0)                   0.000    10.000    clk
    J20                  IBUF (Prop_ibuf_I_O)         0.837    10.837 r  clk_IBUF_inst/O
                         net (fo=1, routed)           1.868    12.705    clk_IBUF
    BUFGCTRL_X0Y16       BUFG (Prop_bufg_I_O)         0.091    12.796 r  clk_IBUF_BUFG_inst/O
                         net (fo=1985, routed)        1.435    14.230    u_impl/gen_narrow_mag.u_mag/clk_IBUF_BUFG
    SLICE_X14Y59         FDRE                                         r  u_impl/gen_narrow_mag.u_mag/mag_sq_reg[53]/C
                         clock pessimism              0.242    14.473    
                         clock uncertainty           -0.035    14.437    
    SLICE_X14Y59         FDRE (Setup_fdre_C_D)        0.109    14.546    u_impl/gen_narrow_mag.u_mag/mag_sq_reg[53]
  -------------------------------------------------------------------
                         required time                         14.546    
                         arrival time                         -10.520    
  -------------------------------------------------------------------
                         slack                                  4.026    




