#-----------------------------------------------------------
# Vivado v2025.2 (64-bit)
# SW Build 6299465 on Fri Nov 14 19:35:11 GMT 2025
# IP Build 6300035 on Fri Nov 14 10:48:45 MST 2025
# SharedData Build 6298862 on Thu Nov 13 04:50:51 MST 2025
# Start of session at: Sun May  3 23:15:01 2026
# Process ID         : 40144
# Current directory  : C:/Users/CHOUDN3/Downloads/VLSI_project
# Command line       : vivado.exe -mode batch -source vivado\sim_pipelined_plus5_firout_accbuf_energy62_fir29_fastround_alwayson_accstart.tcl
# Log file           : C:/Users/CHOUDN3/Downloads/VLSI_project/vivado.log
# Journal file       : C:/Users/CHOUDN3/Downloads/VLSI_project\vivado.jou
# Running On         : Navnil_Desktop
# Platform           : Windows Server 2016 or Windows 10
# Operating System   : 26200
# Processor Detail   : AMD Ryzen 9 9950X 16-Core Processor            
# CPU Frequency      : 4292 MHz
# CPU Physical cores : 16
# CPU Logical cores  : 32
# Host memory        : 66199 MB
# Swap memory        : 127914 MB
# Total Virtual      : 194113 MB
# Available Virtual  : 114262 MB
#-----------------------------------------------------------
source {vivado\sim_pipelined_plus5_firout_accbuf_energy62_fir29_fastround_alwayson_accstart.tcl}
source tb_lockin_pipelined_plus5_firout_accbuf_energy62_fir29_fastround_alwayson_accstart.tcl
